Loading molecule JSON from: /Users/alexandronistiriuc/Projects/quantum-vqe-simulator/molecules/H2_sto-3g_qubit_hamiltonian.json
Anti-Hermitian norm ||H - H^†||_F = 0.000e+00
Constructed H from qubit_hamiltonian (n_qubits=4, dim=16).
Trotterizing with steps=3, t=0.6, hbar=1.0.
Inferred total electrons = 2 (from JSON n_elec=[1, 1])

=== Best HF basis state for eigenstate 1 ===
Best bitstring: 0110 (index 6) with overlap 0.500000
Provided HF bitstring: 1100 (index 12) with overlap 0.000000
NOTE: the provided HF bitstring differs from the best-overlap computational basis state.
Recommendation: consider using the best bitstring as initial psi (higher overlap with target eigenstate).
Hartree-Fock bitstring (leftmost = qubit n-1): 1100
Using computational-basis index: 12

=== Single run (molecule) ===
Output directory: /Users/alexandronistiriuc/Projects/quantum-vqe-simulator/qpe/qpe_results/H2_sto-3g_qubit_hamiltonian
Running QPE...
Most frequent index (peak) = 4 -> phi_peak = 0.125000
Global weighted phi (all outcomes) = 0.125946
Neighborhood (w=2) weighted phi = 0.124784
Expected phase (overlap-weighted from H,psi) = 0.121758
Best estimate chosen = neighbor_weighted -> phi = 0.124784 (circular dist = 3.026272e-03)
Most frequent count: 991/1024
                              ┌───┐                       ░                   »
phase_0: ─────────────────────┤ H ├───────────────────────░───■───────────────»
                              ├───┤                       ░   │               »
phase_1: ─────────────────────┤ H ├───────────────────────░───┼─────■─────■───»
                              ├───┤                       ░   │     │     │   »
phase_2: ─────────────────────┤ H ├───────────────────────░───┼─────┼─────┼───»
                              ├───┤                       ░   │     │     │   »
phase_3: ─────────────────────┤ H ├───────────────────────░───┼─────┼─────┼───»
                              ├───┤                       ░   │     │     │   »
phase_4: ─────────────────────┤ H ├───────────────────────░───┼─────┼─────┼───»
         ┌────────────────────┴───┴─────────────────────┐ ░ ┌─┴──┐┌─┴──┐┌─┴──┐»
state_0: ┤0                                             ├─░─┤0   ├┤0   ├┤0   ├»
         │                                              │ ░ │    ││    ││    │»
state_1: ┤1                                             ├─░─┤1   ├┤1   ├┤1   ├»
         │  Initialize(0,0,0,0,0,0,0,0,0,0,0,0,1,0,0,0) │ ░ │  U ││  U ││  U │»
state_2: ┤2                                             ├─░─┤2   ├┤2   ├┤2   ├»
         │                                              │ ░ │    ││    ││    │»
state_3: ┤3                                             ├─░─┤3   ├┤3   ├┤3   ├»
         └──────────────────────────────────────────────┘ ░ └────┘└────┘└────┘»
    c: 5/═════════════════════════════════════════════════════════════════════»
                                                                              »
«                                                                           »
«phase_0: ──────────────────────────────────────────────────────────────────»
«                                                                           »
«phase_1: ──────────────────────────────────────────────────────────────────»
«                                                                           »
«phase_2: ──■─────■─────■─────■─────────────────────────────────────────────»
«           │     │     │     │                                             »
«phase_3: ──┼─────┼─────┼─────┼─────■─────■─────■─────■─────■─────■─────■───»
«           │     │     │     │     │     │     │     │     │     │     │   »
«phase_4: ──┼─────┼─────┼─────┼─────┼─────┼─────┼─────┼─────┼─────┼─────┼───»
«         ┌─┴──┐┌─┴──┐┌─┴──┐┌─┴──┐┌─┴──┐┌─┴──┐┌─┴──┐┌─┴──┐┌─┴──┐┌─┴──┐┌─┴──┐»
«state_0: ┤0   ├┤0   ├┤0   ├┤0   ├┤0   ├┤0   ├┤0   ├┤0   ├┤0   ├┤0   ├┤0   ├»
«         │    ││    ││    ││    ││    ││    ││    ││    ││    ││    ││    │»
«state_1: ┤1   ├┤1   ├┤1   ├┤1   ├┤1   ├┤1   ├┤1   ├┤1   ├┤1   ├┤1   ├┤1   ├»
«         │  U ││  U ││  U ││  U ││  U ││  U ││  U ││  U ││  U ││  U ││  U │»
«state_2: ┤2   ├┤2   ├┤2   ├┤2   ├┤2   ├┤2   ├┤2   ├┤2   ├┤2   ├┤2   ├┤2   ├»
«         │    ││    ││    ││    ││    ││    ││    ││    ││    ││    ││    │»
«state_3: ┤3   ├┤3   ├┤3   ├┤3   ├┤3   ├┤3   ├┤3   ├┤3   ├┤3   ├┤3   ├┤3   ├»
«         └────┘└────┘└────┘└────┘└────┘└────┘└────┘└────┘└────┘└────┘└────┘»
«    c: 5/══════════════════════════════════════════════════════════════════»
«                                                                           »
«                                                                           »
«phase_0: ──────────────────────────────────────────────────────────────────»
«                                                                           »
«phase_1: ──────────────────────────────────────────────────────────────────»
«                                                                           »
«phase_2: ──────────────────────────────────────────────────────────────────»
«                                                                           »
«phase_3: ──■───────────────────────────────────────────────────────────────»
«           │                                                               »
«phase_4: ──┼─────■─────■─────■─────■─────■─────■─────■─────■─────■─────■───»
«         ┌─┴──┐┌─┴──┐┌─┴──┐┌─┴──┐┌─┴──┐┌─┴──┐┌─┴──┐┌─┴──┐┌─┴──┐┌─┴──┐┌─┴──┐»
«state_0: ┤0   ├┤0   ├┤0   ├┤0   ├┤0   ├┤0   ├┤0   ├┤0   ├┤0   ├┤0   ├┤0   ├»
«         │    ││    ││    ││    ││    ││    ││    ││    ││    ││    ││    │»
«state_1: ┤1   ├┤1   ├┤1   ├┤1   ├┤1   ├┤1   ├┤1   ├┤1   ├┤1   ├┤1   ├┤1   ├»
«         │  U ││  U ││  U ││  U ││  U ││  U ││  U ││  U ││  U ││  U ││  U │»
«state_2: ┤2   ├┤2   ├┤2   ├┤2   ├┤2   ├┤2   ├┤2   ├┤2   ├┤2   ├┤2   ├┤2   ├»
«         │    ││    ││    ││    ││    ││    ││    ││    ││    ││    ││    │»
«state_3: ┤3   ├┤3   ├┤3   ├┤3   ├┤3   ├┤3   ├┤3   ├┤3   ├┤3   ├┤3   ├┤3   ├»
«         └────┘└────┘└────┘└────┘└────┘└────┘└────┘└────┘└────┘└────┘└────┘»
«    c: 5/══════════════════════════════════════════════════════════════════»
«                                                                           »
«                                              ░ ┌───────┐ ░ ┌─┐            
«phase_0: ─────────────────────────────────────░─┤0      ├─░─┤M├────────────
«                                              ░ │       │ ░ └╥┘┌─┐         
«phase_1: ─────────────────────────────────────░─┤1      ├─░──╫─┤M├─────────
«                                              ░ │       │ ░  ║ └╥┘┌─┐      
«phase_2: ─────────────────────────────────────░─┤2 IQFT ├─░──╫──╫─┤M├──────
«                                              ░ │       │ ░  ║  ║ └╥┘┌─┐   
«phase_3: ─────────────────────────────────────░─┤3      ├─░──╫──╫──╫─┤M├───
«                                              ░ │       │ ░  ║  ║  ║ └╥┘┌─┐
«phase_4: ──■─────■─────■─────■─────■─────■────░─┤4      ├─░──╫──╫──╫──╫─┤M├
«         ┌─┴──┐┌─┴──┐┌─┴──┐┌─┴──┐┌─┴──┐┌─┴──┐ ░ └───────┘ ░  ║  ║  ║  ║ └╥┘
«state_0: ┤0   ├┤0   ├┤0   ├┤0   ├┤0   ├┤0   ├─░───────────░──╫──╫──╫──╫──╫─
«         │    ││    ││    ││    ││    ││    │ ░           ░  ║  ║  ║  ║  ║ 
«state_1: ┤1   ├┤1   ├┤1   ├┤1   ├┤1   ├┤1   ├─░───────────░──╫──╫──╫──╫──╫─
«         │  U ││  U ││  U ││  U ││  U ││  U │ ░           ░  ║  ║  ║  ║  ║ 
«state_2: ┤2   ├┤2   ├┤2   ├┤2   ├┤2   ├┤2   ├─░───────────░──╫──╫──╫──╫──╫─
«         │    ││    ││    ││    ││    ││    │ ░           ░  ║  ║  ║  ║  ║ 
«state_3: ┤3   ├┤3   ├┤3   ├┤3   ├┤3   ├┤3   ├─░───────────░──╫──╫──╫──╫──╫─
«         └────┘└────┘└────┘└────┘└────┘└────┘ ░           ░  ║  ║  ║  ║  ║ 
«    c: 5/════════════════════════════════════════════════════╩══╩══╩══╩══╩═
«                                                             0  1  2  3  4 
Plot saved: /Users/alexandronistiriuc/Projects/quantum-vqe-simulator/qpe/qpe_results/H2_sto-3g_qubit_hamiltonian/2026-04-26_17.13.02_molecule_single_run.png
============================================================
