Loading matrix specification from: /Users/alexandronistiriuc/Projects/quantum-vqe-simulator/molecules/Hamiltonian_8x8_example.json
Eigenvalues E_j and phases phi_j (phi = (-E t)/(2π) mod 1):
--- eigen 0 ---
eigenval 0: 0.959838
eigenvect 0: [ 9.80016e-01+0.j -1.96795e-01+0.j  2.89850e-02+0.j -9.54000e-04+0.j
  2.40000e-05+0.j -1.00000e-06+0.j  0.00000e+00+0.j -0.00000e+00+0.j]
> Unitary eigenvalue (from E): (0.838700857082224-0.5445923909949009j)
--> Phase [rad]: -0.575903
--> Phase [degree]: -33.0°
--> Phase [in units of 2pi]: 0.908342

--- eigen 1 ---
eigenval 1: 1.955315
eigenvect 1: [ 1.97183e-01+0.j  9.41858e-01+0.j -2.71745e-01+0.j  1.33120e-02+0.j
 -4.39000e-04+0.j  2.20000e-05+0.j -0.00000e+00+0.j  0.00000e+00+0.j]
> Unitary eigenvalue (from E): (0.3872135470366932-0.9219900590522994j)
--> Phase [rad]: -1.173189
--> Phase [degree]: -67.2°
--> Phase [in units of 2pi]: 0.813281

--- eigen 2 ---
eigenval 2: 3.074431
eigenvect 2: [ 2.62150e-02+0.j  2.71902e-01+0.j  9.56324e-01+0.j -1.03910e-01+0.j
  5.43500e-03+0.j -3.72000e-04+0.j  9.00000e-06+0.j -0.00000e+00+0.j]
> Unitary eigenvalue (from E): (-0.2704515074937078-0.9627335987148163j)
--> Phase [rad]: -1.844658
--> Phase [degree]: -105.7°
--> Phase [in units of 2pi]: 0.706414

--- eigen 3 ---
eigenval 3: 4.000264
eigenvect 3: [ 1.04300e-03+0.j  1.56420e-02+0.j  1.03595e-01+0.j  9.89304e-01+0.j
 -1.00980e-01+0.j  1.01160e-02+0.j -3.38000e-04+0.j  8.00000e-06+0.j]
> Unitary eigenvalue (from E): (-0.7375008375525863-0.6753462183274839j)
--> Phase [rad]: -2.400159
--> Phase [degree]: -137.5°
--> Phase [in units of 2pi]: 0.618003

--- eigen 4 ---
eigenval 4: 4.971280
eigenvect 4: [ 2.70000e-05+0.j  5.28000e-04+0.j  5.20700e-03+0.j  1.01060e-01+0.j
  9.76366e-01+0.j -1.90737e-01+0.j  9.41700e-03+0.j -3.11000e-04+0.j]
> Unitary eigenvalue (from E): (-0.9874138382525797-0.1581578705828717j)
--> Phase [rad]: -2.982768
--> Phase [degree]: -170.9°
--> Phase [in units of 2pi]: 0.525278

--- eigen 5 ---
eigenval 5: 6.028721
eigenvect 5: [ 1.00000e-06+0.j  2.30000e-05+0.j  3.13000e-04+0.j  9.41700e-03+0.j
  1.90737e-01+0.j  9.76367e-01+0.j -1.01052e-01+0.j  5.12600e-03+0.j]
> Unitary eigenvalue (from E): (-0.8889998687253885+0.4579074506996387j)
--> Phase [rad]: 2.665953
--> Phase [degree]: 152.7°
--> Phase [in units of 2pi]: 0.424300

--- eigen 6 ---
eigenval 6: 7.000200
eigenvect 6: [ 0.00000e+00+0.j  1.00000e-06+0.j  8.00000e-06+0.j  3.37000e-04+0.j
  1.01150e-02+0.j  1.00992e-01+0.j  9.89897e-01+0.j -9.90090e-02+0.j]
> Unitary eigenvalue (from E): (-0.4901560616019769+0.8716346914131166j)
--> Phase [rad]: 2.083065
--> Phase [degree]: 119.4°
--> Phase [in units of 2pi]: 0.331530

--- eigen 7 ---
eigenval 7: 8.009951
eigenvect 7: [0.00000e+00+0.j 0.00000e+00+0.j 0.00000e+00+0.j 8.00000e-06+0.j
 3.30000e-04+0.j 4.95900e-03+0.j 9.90180e-02+0.j 9.95073e-01+0.j]
> Unitary eigenvalue (from E): (0.09344498066994937+0.9956244450532504j)
--> Phase [rad]: 1.477215
--> Phase [degree]: 84.6°
--> Phase [in units of 2pi]: 0.235106

Eigenvalues of U (sample): [ 0.838701-0.544592j  0.387214-0.92199j  -0.270452-0.962734j
 -0.737501-0.675346j -0.987414-0.158158j -0.889   +0.457907j
 -0.490156+0.871635j  0.093445+0.995624j]
Absolute values (should be 1): [1. 1. 1. 1. 1. 1. 1. 1.]

Consistency check: ||U v_j - exp(-i E_j t / hbar) v_j|| (should be ~0)
 j= 0: resid=1.692e-16
 j= 1: resid=1.123e-15
 j= 2: resid=4.190e-15
 j= 3: resid=8.256e-16
 j= 4: resid=4.564e-15
 j= 5: resid=2.453e-15
 j= 6: resid=7.504e-16
 j= 7: resid=1.059e-15

Suggested t_max to avoid phase wrapping: DeltaE_max = 7.050112e+00; t_max = 8.912177e-01 (hbar=1.0)
=== Single run ===
Output directory: /Users/alexandronistiriuc/Projects/quantum-vqe-simulator/qpe/qpe_results/Hamiltonian_8x8
Overriding psi with custom coefficients: 1,0,0,1,0,0,0,0 for eigenvector indices: 0,1,2,3,4,5,6,7 
Original psi_vector: [ 9.81058334e-01+0.j -1.81153481e-01+0.j  1.32580409e-01+0.j
  9.88349993e-01+0.j -1.00956696e-01+0.j  1.01153097e-02+0.j
 -3.37503771e-04+0.j  8.43831987e-06+0.j]
Normalized psi_vector: [ 6.93713001e-01+0.j -1.28094855e-01+0.j  9.37485063e-02+0.j
  6.98868982e-01+0.j -7.13871646e-02+0.j  7.15260410e-03+0.j
 -2.38651205e-04+0.j  5.96679321e-06+0.j]
Estimated phase: 10/16 = 0.625000
Most frequent count: 493/1024
         »
phase_0: »
         »
phase_1: »
         »
phase_2: »
         »
phase_3: »
         »
state_0: »
         »
state_1: »
         »
state_2: »
         »
    c: 4/»
         »
«                                                     ┌───┐                                            »
«phase_0: ────────────────────────────────────────────┤ H ├────────────────────────────────────────────»
«                                                     ├───┤                                            »
«phase_1: ────────────────────────────────────────────┤ H ├────────────────────────────────────────────»
«                                                     ├───┤                                            »
«phase_2: ────────────────────────────────────────────┤ H ├────────────────────────────────────────────»
«                                                     ├───┤                                            »
«phase_3: ────────────────────────────────────────────┤ H ├────────────────────────────────────────────»
«         ┌───────────────────────────────────────────┴───┴───────────────────────────────────────────┐»
«state_0: ┤0                                                                                          ├»
«         │                                                                                           │»
«state_1: ┤1 Initialize(0.69371,-0.12809,0.093749,0.69887,-0.071387,0.0071526,-0.00023865,5.9668e-06) ├»
«         │                                                                                           │»
«state_2: ┤2                                                                                          ├»
«         └───────────────────────────────────────────────────────────────────────────────────────────┘»
«    c: 4/═════════════════════════════════════════════════════════════════════════════════════════════»
«                                                                                                      »
«          ░                                                                   »
«phase_0: ─░───■───────────────────────────────────────────────────────────────»
«          ░   │                                                               »
«phase_1: ─░───┼─────■─────■───────────────────────────────────────────────────»
«          ░   │     │     │                                                   »
«phase_2: ─░───┼─────┼─────┼─────■─────■─────■─────■───────────────────────────»
«          ░   │     │     │     │     │     │     │                           »
«phase_3: ─░───┼─────┼─────┼─────┼─────┼─────┼─────┼─────■─────■─────■─────■───»
«          ░ ┌─┴──┐┌─┴──┐┌─┴──┐┌─┴──┐┌─┴──┐┌─┴──┐┌─┴──┐┌─┴──┐┌─┴──┐┌─┴──┐┌─┴──┐»
«state_0: ─░─┤0   ├┤0   ├┤0   ├┤0   ├┤0   ├┤0   ├┤0   ├┤0   ├┤0   ├┤0   ├┤0   ├»
«          ░ │    ││    ││    ││    ││    ││    ││    ││    ││    ││    ││    │»
«state_1: ─░─┤1 U ├┤1 U ├┤1 U ├┤1 U ├┤1 U ├┤1 U ├┤1 U ├┤1 U ├┤1 U ├┤1 U ├┤1 U ├»
«          ░ │    ││    ││    ││    ││    ││    ││    ││    ││    ││    ││    │»
«state_2: ─░─┤2   ├┤2   ├┤2   ├┤2   ├┤2   ├┤2   ├┤2   ├┤2   ├┤2   ├┤2   ├┤2   ├»
«          ░ └────┘└────┘└────┘└────┘└────┘└────┘└────┘└────┘└────┘└────┘└────┘»
«    c: 4/═════════════════════════════════════════════════════════════════════»
«                                                                              »
«                                  ░ ┌───────┐ ░ ┌─┐         
«phase_0: ─────────────────────────░─┤0      ├─░─┤M├─────────
«                                  ░ │       │ ░ └╥┘┌─┐      
«phase_1: ─────────────────────────░─┤1      ├─░──╫─┤M├──────
«                                  ░ │  IQFT │ ░  ║ └╥┘┌─┐   
«phase_2: ─────────────────────────░─┤2      ├─░──╫──╫─┤M├───
«                                  ░ │       │ ░  ║  ║ └╥┘┌─┐
«phase_3: ──■─────■─────■─────■────░─┤3      ├─░──╫──╫──╫─┤M├
«         ┌─┴──┐┌─┴──┐┌─┴──┐┌─┴──┐ ░ └───────┘ ░  ║  ║  ║ └╥┘
«state_0: ┤0   ├┤0   ├┤0   ├┤0   ├─░───────────░──╫──╫──╫──╫─
«         │    ││    ││    ││    │ ░           ░  ║  ║  ║  ║ 
«state_1: ┤1 U ├┤1 U ├┤1 U ├┤1 U ├─░───────────░──╫──╫──╫──╫─
«         │    ││    ││    ││    │ ░           ░  ║  ║  ║  ║ 
«state_2: ┤2   ├┤2   ├┤2   ├┤2   ├─░───────────░──╫──╫──╫──╫─
«         └────┘└────┘└────┘└────┘ ░           ░  ║  ║  ║  ║ 
«    c: 4/════════════════════════════════════════╩══╩══╩══╩═
«                                                 0  1  2  3 
Plot saved: /Users/alexandronistiriuc/Projects/quantum-vqe-simulator/qpe/qpe_results/Hamiltonian_8x8/2026-02-26_00.10.58_single_run.png
============================================================
